2025-04-23T19:05:06 config: inotify: auto_update was disabled. enable during compilation phase
2025-04-23T19:05:06 update: added /Lovers & Mountains [o6FdFyQr8kQ].m4a
2025-04-23T19:05:56 config: inotify: auto_update was disabled. enable during compilation phase
2025-04-23T19:05:56 update: added /Lovers & Mountains [o6FdFyQr8kQ].m4a
2025-04-23T19:07:07 config: inotify: auto_update was disabled. enable during compilation phase
2025-04-23T19:07:45 config: inotify: auto_update was disabled. enable during compilation phase
2025-04-23T19:08:06 config: inotify: auto_update was disabled. enable during compilation phase
2025-04-23T19:08:19 ffmpeg/aac: Could not update timestamps for skipped samples.
2025-04-23T19:11:57 ffmpeg/aac: Could not update timestamps for skipped samples.
2025-04-23T19:12:02 player: played "Lovers & Mountains [o6FdFyQr8kQ].m4a"
2025-04-23T19:12:04 ffmpeg/aac: Could not update timestamps for skipped samples.
2025-04-23T19:16:00 player: played "Lovers & Mountains [o6FdFyQr8kQ].m4a"
2025-04-23T19:16:36 ffmpeg/aac: Could not update timestamps for skipped samples.
2025-04-23T19:17:00 player: played "Lovers & Mountains [o6FdFyQr8kQ].m4a"
2025-04-23T19:17:04 ffmpeg/aac: Could not update timestamps for skipped samples.
2025-04-23T19:20:44 ffmpeg/aac: Could not update timestamps for skipped samples.
2025-04-23T19:21:51 player: played "Lovers & Mountains [o6FdFyQr8kQ].m4a"
2025-04-23T19:25:10 config: inotify: auto_update was disabled. enable during compilation phase
2025-04-23T19:45:30 player: played "Lovers & Mountains [o6FdFyQr8kQ].m4a"
2025-04-23T19:45:34 ffmpeg/aac: Could not update timestamps for skipped samples.
2025-04-23T19:49:30 player: played "Lovers & Mountains [o6FdFyQr8kQ].m4a"
2025-04-23T19:49:34 ffmpeg/aac: Could not update timestamps for skipped samples.
2025-04-23T19:53:30 player: played "Lovers & Mountains [o6FdFyQr8kQ].m4a"
2025-04-23T19:53:47 ffmpeg/aac: Could not update timestamps for skipped samples.
2025-04-23T19:57:21 ffmpeg/aac: Could not update timestamps for skipped samples.
2025-04-23T20:08:38 ffmpeg/aac: Could not update timestamps for skipped samples.
2025-04-23T20:12:35 player: played "Lovers & Mountains [o6FdFyQr8kQ].m4a"
2025-04-23T20:12:42 ffmpeg/aac: Could not update timestamps for skipped samples.
2025-04-23T20:16:38 player: played "Lovers & Mountains [o6FdFyQr8kQ].m4a"
2025-04-23T21:57:49 config: inotify: auto_update was disabled. enable during compilation phase
2025-04-23T21:58:35 update: added KAYTRANADA - Discography - 2013-2016/Songs & Other/Other Songs/06. Talib Kweli - Butterfly (Feat. Steffanie Christi'an) (Prod. KAYTRANADA).mp3
2025-04-23T21:58:35 update: added KAYTRANADA - Discography - 2013-2016/Songs & Other/Other Songs/05. Illa J - Strippers (Feat. KAYTRANADA).mp3
2025-04-23T21:58:35 update: added KAYTRANADA - Discography - 2013-2016/Songs & Other/Other Songs/12. GOVALES - All In (Feat. KAYTRANADA).mp3
2025-04-23T21:58:35 update: added KAYTRANADA - Discography - 2013-2016/Songs & Other/Other Songs/08. Mick Jenkins - Your Love (Prod. By KAYTRANADA).mp3
2025-04-23T21:58:35 update: added KAYTRANADA - Discography - 2013-2016/Songs & Other/Other Songs/03. Freddie Gibbs - Insecurities (Prod. By KAYTRANADA).mp3
2025-04-23T21:58:35 update: added KAYTRANADA - Discography - 2013-2016/Songs & Other/Other Songs/13. Katy B - Honey (Feat. KAYTRANADA).mp3
2025-04-23T21:58:35 update: added KAYTRANADA - Discography - 2013-2016/Songs & Other/Other Songs/04. Freddie Gibbs - My Dope House (Prod. By KAYTRANADA).mp3
2025-04-23T21:58:35 update: added KAYTRANADA - Discography - 2013-2016/Songs & Other/Other Songs/02. Pomo - Cherry Funk (Feat. KAYTRANADA).mp3
2025-04-23T21:58:35 update: added KAYTRANADA - Discography - 2013-2016/Songs & Other/Other Songs/01. Mobb Deep - My Block (Prod. By KAYTRANADA).mp3
2025-04-23T21:58:35 update: added KAYTRANADA - Discography - 2013-2016/Songs & Other/Other Songs/09. Mick Jenkins - P's & Q's (Prod. By KAYTRANADA).mp3
2025-04-23T21:58:35 update: added KAYTRANADA - Discography - 2013-2016/Songs & Other/Other Songs/07. KAYTRANADA - 195 (Original Mix).mp3
2025-04-23T21:58:35 update: added KAYTRANADA - Discography - 2013-2016/Songs & Other/Other Songs/11. Anderson .Paak - Lite Weight (Prod. By KAYTRANADA).mp3
2025-04-23T21:58:35 update: added KAYTRANADA - Discography - 2013-2016/Songs & Other/Other Songs/14. Wasiu - Physical (Prod. By KAYTRANADA).mp3
2025-04-23T21:58:35 update: added KAYTRANADA - Discography - 2013-2016/Songs & Other/Other Songs/10. The Internet - Girl (Feat. KAYTRANADA).mp3
2025-04-23T21:58:35 update: added KAYTRANADA - Discography - 2013-2016/Singles/2015 - Drive Me Crazy (Single) - (320 kbps)/01. Drive Me Crazy (Feat. Vic Mensa).mp3
2025-04-23T21:58:35 update: added KAYTRANADA - Discography - 2013-2016/Singles/2016 - Glowed Up - Lite Sports (Single) - (320 kbps)/02. Lite Spots.mp3
2025-04-23T21:58:35 update: added KAYTRANADA - Discography - 2013-2016/Singles/2016 - Glowed Up - Lite Sports (Single) - (320 kbps)/01. Glowed Up (Feat. Anderson .Paak).mp3
2025-04-23T21:58:35 update: added KAYTRANADA - Discography - 2013-2016/Singles/2013 - Bromance #10 (With Suicideyear) (Single) - (320 kbps)/01. KAYTRANADA - Free Things In Life.mp3
2025-04-23T21:58:35 update: added KAYTRANADA - Discography - 2013-2016/Singles/2013 - Bromance #10 (With Suicideyear) (Single) - (320 kbps)/02. Suicideyear - Finale.mp3
2025-04-23T21:58:35 update: added KAYTRANADA - Discography - 2013-2016/Singles/2014 - Leave Me Alone (Single) - (320 kbps)/01. Leave Me Alone (Feat. Shay Lia).mp3
2025-04-23T21:58:35 update: added KAYTRANADA - Discography - 2013-2016/EPs/2013 - At All - Hilarity Duff (EP) - (320 kbps)/03. At All (Sango Remix).mp3
2025-04-23T21:58:35 update: added KAYTRANADA - Discography - 2013-2016/EPs/2013 - At All - Hilarity Duff (EP) - (320 kbps)/01. At All.mp3
2025-04-23T21:58:35 update: added KAYTRANADA - Discography - 2013-2016/EPs/2013 - At All - Hilarity Duff (EP) - (320 kbps)/02. Hilarity Duff.mp3
2025-04-23T21:58:35 update: added KAYTRANADA - Discography - 2013-2016/EPs/2013 - Kaytra Todo (EP) - (320 kbps)/04. Club Bang.mp3
2025-04-23T21:58:35 update: added KAYTRANADA - Discography - 2013-2016/EPs/2013 - Kaytra Todo (EP) - (320 kbps)/07. All We Do (Feat. JMSN).mp3
2025-04-23T21:58:35 update: added KAYTRANADA - Discography - 2013-2016/EPs/2013 - Kaytra Todo (EP) - (320 kbps)/02. Don't Get It Confused.mp3
2025-04-23T21:58:35 update: added KAYTRANADA - Discography - 2013-2016/EPs/2013 - Kaytra Todo (EP) - (320 kbps)/08. Holy Hole Inna Donut.mp3
2025-04-23T21:58:35 update: added KAYTRANADA - Discography - 2013-2016/EPs/2013 - Kaytra Todo (EP) - (320 kbps)/06. An Excuse.mp3
2025-04-23T21:58:35 update: added KAYTRANADA - Discography - 2013-2016/EPs/2013 - Kaytra Todo (EP) - (320 kbps)/03. Hot Jazzybelle.mp3
2025-04-23T21:58:35 update: added KAYTRANADA - Discography - 2013-2016/EPs/2013 - Kaytra Todo (EP) - (320 kbps)/01. Killacats.mp3
2025-04-23T21:58:35 update: added KAYTRANADA - Discography - 2013-2016/EPs/2013 - Kaytra Todo (EP) - (320 kbps)/05. Demonlitions.mp3
2025-04-23T21:58:35 update: added KAYTRANADA - Discography - 2013-2016/Albums (CD)/2016 - 99.9% - (320 kbps)/11. You're The One (Feat. Syd).mp3
2025-04-23T21:58:35 update: added KAYTRANADA - Discography - 2013-2016/Albums (CD)/2016 - 99.9% - (320 kbps)/09. Glowed Up (Feat. Anderson .Paak).mp3
2025-04-23T21:58:35 update: added KAYTRANADA - Discography - 2013-2016/Albums (CD)/2016 - 99.9% - (320 kbps)/05. Drive Me Crazy (Feat. Vic Mensa).mp3
2025-04-23T21:58:35 update: added KAYTRANADA - Discography - 2013-2016/Albums (CD)/2016 - 99.9% - (320 kbps)/01. Track Uno.mp3
2025-04-23T21:58:35 update: added KAYTRANADA - Discography - 2013-2016/Albums (CD)/2016 - 99.9% - (320 kbps)/12. Vivid Dreams (Feat. River Tiber).mp3
2025-04-23T21:58:35 update: added KAYTRANADA - Discography - 2013-2016/Albums (CD)/2016 - 99.9% - (320 kbps)/06. Weight Off (Feat. BADBADNOTGOOD).mp3
2025-04-23T21:58:35 update: added KAYTRANADA - Discography - 2013-2016/Albums (CD)/2016 - 99.9% - (320 kbps)/14. Leave Me Alone (Feat. Shay Lia).mp3
2025-04-23T21:58:35 update: added KAYTRANADA - Discography - 2013-2016/Albums (CD)/2016 - 99.9% - (320 kbps)/07. One Too Many (Feat. Phonte).mp3
2025-04-23T21:58:35 update: added KAYTRANADA - Discography - 2013-2016/Albums (CD)/2016 - 99.9% - (320 kbps)/08. Despite The Weather.mp3
2025-04-23T21:58:35 update: added KAYTRANADA - Discography - 2013-2016/Albums (CD)/2016 - 99.9% - (320 kbps)/10. Breakdance Lesson N.1.mp3
2025-04-23T21:58:35 update: added KAYTRANADA - Discography - 2013-2016/Albums (CD)/2016 - 99.9% - (320 kbps)/13. Lite Spots.mp3
2025-04-23T21:58:35 update: added KAYTRANADA - Discography - 2013-2016/Albums (CD)/2016 - 99.9% - (320 kbps)/02. Bus Ride (Feat. Karriem Riggins & River Tiber).mp3
2025-04-23T21:58:35 update: added KAYTRANADA - Discography - 2013-2016/Albums (CD)/2016 - 99.9% - (320 kbps)/03. Got It Good (Feat. Craig David).mp3
2025-04-23T21:58:35 update: added KAYTRANADA - Discography - 2013-2016/Albums (CD)/2016 - 99.9% - (320 kbps)/04. Together (Feat. AlunaGeorge & GoldLink).mp3
2025-04-23T21:58:35 update: added KAYTRANADA - Discography - 2013-2016/Albums (CD)/2016 - 99.9% - (320 kbps)/15. Bullets (Feat. Little Dragon).mp3
2025-04-23T22:01:50 player: played "KAYTRANADA - Discography - 2013-2016/EPs/2013 - At All - Hilarity Duff (EP) - (320 kbps)/03. At All (Sango Remix).mp3"
2025-04-23T22:06:07 player: played "KAYTRANADA - Discography - 2013-2016/EPs/2013 - At All - Hilarity Duff (EP) - (320 kbps)/02. Hilarity Duff.mp3"
2025-04-24T06:44:42 ffmpeg/aac: Could not update timestamps for skipped samples.
2025-04-24T06:51:03 ffmpeg/aac: Could not update timestamps for skipped samples.
2025-04-24T06:54:59 player: played "Lovers & Mountains [o6FdFyQr8kQ].m4a"
2025-04-24T06:57:55 player: played "KAYTRANADA - Discography - 2013-2016/EPs/2013 - At All - Hilarity Duff (EP) - (320 kbps)/03. At All (Sango Remix).mp3"
2025-04-24T07:02:12 player: played "KAYTRANADA - Discography - 2013-2016/EPs/2013 - At All - Hilarity Duff (EP) - (320 kbps)/02. Hilarity Duff.mp3"
2025-04-24T07:07:35 player: played "KAYTRANADA - Discography - 2013-2016/Albums (CD)/2016 - 99.9% - (320 kbps)/07. One Too Many (Feat. Phonte).mp3"
2025-04-24T07:12:12 player: played "KAYTRANADA - Discography - 2013-2016/Albums (CD)/2016 - 99.9% - (320 kbps)/05. Drive Me Crazy (Feat. Vic Mensa).mp3"
2025-04-24T07:48:27 player: played "KAYTRANADA - Discography - 2013-2016/Albums (CD)/2016 - 99.9% - (320 kbps)/08. Despite The Weather.mp3"
2025-04-24T07:49:54 ffmpeg/aac: Could not update timestamps for skipped samples.
2025-04-24T07:50:34 player: played "KAYTRANADA - Discography - 2013-2016/Albums (CD)/2016 - 99.9% - (320 kbps)/08. Despite The Weather.mp3"
2025-04-24T07:53:36 ffmpeg/aac: Could not update timestamps for skipped samples.
2025-04-24T07:54:20 player: played "KAYTRANADA - Discography - 2013-2016/Albums (CD)/2016 - 99.9% - (320 kbps)/11. You're The One (Feat. Syd).mp3"
2025-04-24T08:02:20 ffmpeg/aac: Could not update timestamps for skipped samples.
2025-04-24T08:02:58 player: played "KAYTRANADA - Discography - 2013-2016/Songs & Other/Other Songs/08. Mick Jenkins - Your Love (Prod. By KAYTRANADA).mp3"
2025-04-24T08:06:54 player: played "Lovers & Mountains [o6FdFyQr8kQ].m4a"
2025-04-24T08:07:26 exception: Bad playlist name
2025-04-24T08:09:34 ffmpeg/aac: Could not update timestamps for skipped samples.
2025-04-24T08:11:16 player: played "KAYTRANADA - Discography - 2013-2016/EPs/2013 - At All - Hilarity Duff (EP) - (320 kbps)/03. At All (Sango Remix).mp3"
2025-04-24T08:12:11 update: removing Lovers & Mountains [o6FdFyQr8kQ].m4a
2025-04-24T08:12:46 update: removing KAYTRANADA - Discography - 2013-2016/Albums (CD)/2016 - 99.9% - (320 kbps)/01. Track Uno.mp3
2025-04-24T08:12:46 update: removing KAYTRANADA - Discography - 2013-2016/Songs & Other/Other Songs/07. KAYTRANADA - 195 (Original Mix).mp3
2025-04-24T08:12:46 update: removing KAYTRANADA - Discography - 2013-2016/Songs & Other/Other Songs/09. Mick Jenkins - P's & Q's (Prod. By KAYTRANADA).mp3
2025-04-24T08:12:46 update: removing KAYTRANADA - Discography - 2013-2016/Songs & Other/Other Songs/08. Mick Jenkins - Your Love (Prod. By KAYTRANADA).mp3
2025-04-24T08:12:46 update: removing KAYTRANADA - Discography - 2013-2016/Songs & Other/Other Songs/02. Pomo - Cherry Funk (Feat. KAYTRANADA).mp3
2025-04-24T08:12:46 update: removing KAYTRANADA - Discography - 2013-2016/Songs & Other/Other Songs/01. Mobb Deep - My Block (Prod. By KAYTRANADA).mp3
2025-04-24T08:12:46 update: removing KAYTRANADA - Discography - 2013-2016/Songs & Other/Other Songs/03. Freddie Gibbs - Insecurities (Prod. By KAYTRANADA).mp3
2025-04-24T08:12:46 update: removing KAYTRANADA - Discography - 2013-2016/Songs & Other/Other Songs/14. Wasiu - Physical (Prod. By KAYTRANADA).mp3
2025-04-24T08:12:46 update: removing KAYTRANADA - Discography - 2013-2016/Songs & Other/Other Songs/04. Freddie Gibbs - My Dope House (Prod. By KAYTRANADA).mp3
2025-04-24T08:12:46 update: removing KAYTRANADA - Discography - 2013-2016/Songs & Other/Other Songs/11. Anderson .Paak - Lite Weight (Prod. By KAYTRANADA).mp3
2025-04-24T08:12:46 update: removing KAYTRANADA - Discography - 2013-2016/Songs & Other/Other Songs/05. Illa J - Strippers (Feat. KAYTRANADA).mp3
2025-04-24T08:12:46 update: removing KAYTRANADA - Discography - 2013-2016/Songs & Other/Other Songs/13. Katy B - Honey (Feat. KAYTRANADA).mp3
2025-04-24T08:12:46 update: removing KAYTRANADA - Discography - 2013-2016/Songs & Other/Other Songs/12. GOVALES - All In (Feat. KAYTRANADA).mp3
2025-04-24T08:12:46 update: removing KAYTRANADA - Discography - 2013-2016/Songs & Other/Other Songs/06. Talib Kweli - Butterfly (Feat. Steffanie Christi'an) (Prod. KAYTRANADA).mp3
2025-04-24T08:12:46 update: removing KAYTRANADA - Discography - 2013-2016/Songs & Other/Other Songs/10. The Internet - Girl (Feat. KAYTRANADA).mp3
2025-04-24T08:12:46 update: removing KAYTRANADA - Discography - 2013-2016/Singles/2016 - Glowed Up - Lite Sports (Single) - (320 kbps)/02. Lite Spots.mp3
2025-04-24T08:12:46 update: removing KAYTRANADA - Discography - 2013-2016/Singles/2016 - Glowed Up - Lite Sports (Single) - (320 kbps)/01. Glowed Up (Feat. Anderson .Paak).mp3
2025-04-24T08:12:46 update: removing KAYTRANADA - Discography - 2013-2016/Singles/2015 - Drive Me Crazy (Single) - (320 kbps)/01. Drive Me Crazy (Feat. Vic Mensa).mp3
2025-04-24T08:12:46 update: removing KAYTRANADA - Discography - 2013-2016/Singles/2014 - Leave Me Alone (Single) - (320 kbps)/01. Leave Me Alone (Feat. Shay Lia).mp3
2025-04-24T08:12:46 update: removing KAYTRANADA - Discography - 2013-2016/Singles/2013 - Bromance #10 (With Suicideyear) (Single) - (320 kbps)/02. Suicideyear - Finale.mp3
2025-04-24T08:12:46 update: removing KAYTRANADA - Discography - 2013-2016/Singles/2013 - Bromance #10 (With Suicideyear) (Single) - (320 kbps)/01. KAYTRANADA - Free Things In Life.mp3
2025-04-24T08:12:46 update: removing KAYTRANADA - Discography - 2013-2016/EPs/2013 - Kaytra Todo (EP) - (320 kbps)/08. Holy Hole Inna Donut.mp3
2025-04-24T08:12:46 update: removing KAYTRANADA - Discography - 2013-2016/EPs/2013 - Kaytra Todo (EP) - (320 kbps)/07. All We Do (Feat. JMSN).mp3
2025-04-24T08:12:46 update: removing KAYTRANADA - Discography - 2013-2016/EPs/2013 - Kaytra Todo (EP) - (320 kbps)/06. An Excuse.mp3
2025-04-24T08:12:46 update: removing KAYTRANADA - Discography - 2013-2016/EPs/2013 - Kaytra Todo (EP) - (320 kbps)/05. Demonlitions.mp3
2025-04-24T08:12:46 update: removing KAYTRANADA - Discography - 2013-2016/EPs/2013 - Kaytra Todo (EP) - (320 kbps)/04. Club Bang.mp3
2025-04-24T08:12:46 update: removing KAYTRANADA - Discography - 2013-2016/EPs/2013 - Kaytra Todo (EP) - (320 kbps)/03. Hot Jazzybelle.mp3
2025-04-24T08:12:46 update: removing KAYTRANADA - Discography - 2013-2016/EPs/2013 - Kaytra Todo (EP) - (320 kbps)/02. Don't Get It Confused.mp3
2025-04-24T08:12:46 update: removing KAYTRANADA - Discography - 2013-2016/EPs/2013 - Kaytra Todo (EP) - (320 kbps)/01. Killacats.mp3
2025-04-24T08:12:46 update: removing KAYTRANADA - Discography - 2013-2016/EPs/2013 - At All - Hilarity Duff (EP) - (320 kbps)/03. At All (Sango Remix).mp3
2025-04-24T08:12:46 update: removing KAYTRANADA - Discography - 2013-2016/EPs/2013 - At All - Hilarity Duff (EP) - (320 kbps)/02. Hilarity Duff.mp3
2025-04-24T08:12:46 update: removing KAYTRANADA - Discography - 2013-2016/EPs/2013 - At All - Hilarity Duff (EP) - (320 kbps)/01. At All.mp3
2025-04-24T08:12:46 update: removing KAYTRANADA - Discography - 2013-2016/Albums (CD)/2016 - 99.9% - (320 kbps)/15. Bullets (Feat. Little Dragon).mp3
2025-04-24T08:12:46 update: removing KAYTRANADA - Discography - 2013-2016/Albums (CD)/2016 - 99.9% - (320 kbps)/14. Leave Me Alone (Feat. Shay Lia).mp3
2025-04-24T08:12:46 update: removing KAYTRANADA - Discography - 2013-2016/Albums (CD)/2016 - 99.9% - (320 kbps)/13. Lite Spots.mp3
2025-04-24T08:12:46 update: removing KAYTRANADA - Discography - 2013-2016/Albums (CD)/2016 - 99.9% - (320 kbps)/12. Vivid Dreams (Feat. River Tiber).mp3
2025-04-24T08:12:46 update: removing KAYTRANADA - Discography - 2013-2016/Albums (CD)/2016 - 99.9% - (320 kbps)/11. You're The One (Feat. Syd).mp3
2025-04-24T08:12:46 update: removing KAYTRANADA - Discography - 2013-2016/Albums (CD)/2016 - 99.9% - (320 kbps)/10. Breakdance Lesson N.1.mp3
2025-04-24T08:12:46 update: removing KAYTRANADA - Discography - 2013-2016/Albums (CD)/2016 - 99.9% - (320 kbps)/09. Glowed Up (Feat. Anderson .Paak).mp3
2025-04-24T08:12:46 update: removing KAYTRANADA - Discography - 2013-2016/Albums (CD)/2016 - 99.9% - (320 kbps)/08. Despite The Weather.mp3
2025-04-24T08:12:46 update: removing KAYTRANADA - Discography - 2013-2016/Albums (CD)/2016 - 99.9% - (320 kbps)/07. One Too Many (Feat. Phonte).mp3
2025-04-24T08:12:46 update: removing KAYTRANADA - Discography - 2013-2016/Albums (CD)/2016 - 99.9% - (320 kbps)/06. Weight Off (Feat. BADBADNOTGOOD).mp3
2025-04-24T08:12:46 update: removing KAYTRANADA - Discography - 2013-2016/Albums (CD)/2016 - 99.9% - (320 kbps)/05. Drive Me Crazy (Feat. Vic Mensa).mp3
2025-04-24T08:12:46 update: removing KAYTRANADA - Discography - 2013-2016/Albums (CD)/2016 - 99.9% - (320 kbps)/04. Together (Feat. AlunaGeorge & GoldLink).mp3
2025-04-24T08:12:46 update: removing KAYTRANADA - Discography - 2013-2016/Albums (CD)/2016 - 99.9% - (320 kbps)/03. Got It Good (Feat. Craig David).mp3
2025-04-24T08:12:46 update: removing KAYTRANADA - Discography - 2013-2016/Albums (CD)/2016 - 99.9% - (320 kbps)/02. Bus Ride (Feat. Karriem Riggins & River Tiber).mp3
2025-04-24T08:13:21 playlist: Failed to load "KAYTRANADA - Discography - 2013-2016/Songs & Other/Other Songs/14. Wasiu - Physical (Prod. By KAYTRANADA).mp3".
2025-04-24T08:13:21 exception: Bad song index
2025-04-24T08:13:24 playlist: Failed to load "KAYTRANADA - Discography - 2013-2016/Songs & Other/Other Songs/14. Wasiu - Physical (Prod. By KAYTRANADA).mp3".
2025-04-24T08:13:24 exception: Bad song index
2025-04-24T08:16:08 playlist: Failed to load "KAYTRANADA - Discography - 2013-2016/Songs & Other/Other Songs/14. Wasiu - Physical (Prod. By KAYTRANADA).mp3".
2025-04-24T08:16:08 exception: Bad song index
2025-04-24T08:16:22 playlist: Failed to load "KAYTRANADA - Discography - 2013-2016/Songs & Other/Other Songs/14. Wasiu - Physical (Prod. By KAYTRANADA).mp3".
2025-04-24T08:16:22 exception: Bad song index
2025-04-24T08:16:41 playlist: Failed to load "KAYTRANADA - Discography - 2013-2016/Songs & Other/Other Songs/14. Wasiu - Physical (Prod. By KAYTRANADA).mp3".
2025-04-24T08:16:41 exception: Bad song index
2025-04-24T08:16:45 exception: No such song
2025-04-24T08:18:00 exception: Not playing
2025-04-24T08:18:17 exception: No such directory
2025-04-24T08:18:39 exception: No such directory
2025-04-24T09:30:43 update: added 1020/Ryan Leslie - Les Is More - (2012)/10-ryan_leslie-ready_or_not.flac
2025-04-24T09:30:43 update: added 1020/Ryan Leslie - Les Is More - (2012)/06-ryan_leslie-maybachs_and_diamonds.flac
2025-04-24T09:30:43 update: added 1020/Ryan Leslie - Les Is More - (2012)/07-ryan_leslie-swiss_francs.flac
2025-04-24T09:30:43 update: added 1020/Ryan Leslie - Les Is More - (2012)/13-ryan_leslie-joan_of_arc.flac
2025-04-24T09:30:43 update: added 1020/Ryan Leslie - Les Is More - (2012)/14-ryan_leslie-beautiful_lie_(feat._fabolous)_(remix).flac
2025-04-24T09:30:43 update: added 1020/Ryan Leslie - Les Is More - (2012)/01-ryan_leslie-glory.flac
2025-04-24T09:30:43 update: added 1020/Ryan Leslie - Les Is More - (2012)/11-ryan_leslie-lovers_and_mountains.flac
2025-04-24T09:30:43 update: added 1020/Ryan Leslie - Les Is More - (2012)/04-ryan_leslie-5_minute_freshen_up.flac
2025-04-24T09:30:43 update: added 1020/Ryan Leslie - Les Is More - (2012)/03-ryan_leslie-good_girl.flac
2025-04-24T09:30:43 update: added 1020/Ryan Leslie - Les Is More - (2012)/08-ryan_leslie-ups_and_downs_(prelude).flac
2025-04-24T09:30:43 update: added 1020/Ryan Leslie - Les Is More - (2012)/09-ryan_leslie-ups_and_downs.flac
2025-04-24T09:30:43 update: added 1020/Ryan Leslie - Les Is More - (2012)/05-ryan_leslie-dress_you_to_undress_you.flac
2025-04-24T09:30:43 update: added 1020/Ryan Leslie - Les Is More - (2012)/12-ryan_leslie-the_black_flag.flac
2025-04-24T09:30:43 update: added 1020/Ryan Leslie - Les Is More - (2012)/02-ryan_leslie-beautiful_lie.flac
2025-04-24T09:31:14 player: played "1020/Ryan Leslie - Les Is More - (2012)/00-ryan_leslie-les_is_more-cd-flac-2012.cue/track0007"
2025-04-24T09:55:26 player: played "1020/Ryan Leslie - Les Is More - (2012)/00-ryan_leslie-les_is_more-cd-flac-2012.cue/track0008"
2025-04-24T09:55:31 player: played "1020/Ryan Leslie - Les Is More - (2012)/00-ryan_leslie-les_is_more-cd-flac-2012.cue/track0006"
2025-04-24T10:00:30 player: played "1020/Ryan Leslie - Les Is More - (2012)/00-ryan_leslie-les_is_more-cd-flac-2012.cue/track0009"
2025-04-24T10:12:32 player: played "1020/Ryan Leslie - Les Is More - (2012)/00-ryan_leslie-les_is_more-cd-flac-2012.cue/track0010"
2025-04-24T10:39:07 player: played "1020/Ryan Leslie - Les Is More - (2012)/00-ryan_leslie-les_is_more-cd-flac-2012.cue/track0010"
2025-04-24T10:44:26 player: played "1020/Ryan Leslie - Les Is More - (2012)/00-ryan_leslie-les_is_more-cd-flac-2012.cue/track0004"
2025-04-24T10:45:04 update: added AMPM/Durand Bernarr： Tiny Desk Concert [klL7nY1HzaY].m4a
2025-04-24T11:04:18 player: played "1020/Ryan Leslie - Les Is More - (2012)/00-ryan_leslie-les_is_more-cd-flac-2012.cue/track0004"
2025-04-24T11:05:36 player: played "1020/Ryan Leslie - Les Is More - (2012)/00-ryan_leslie-les_is_more-cd-flac-2012.cue/track0013"
2025-04-24T11:28:51 player: played "1020/Ryan Leslie - Les Is More - (2012)/00-ryan_leslie-les_is_more-cd-flac-2012.cue/track0010"
